Properties of xml element p are:
  color : aqua
=====================

